To run a command as administrator (user "root"), use "sudo <command>".
See "man sudo_root" for details.

almo93@DESKTOP-40CQN6I:~$ curl -L https://raw.githubusercontent.com/RocketChat/Docker.Official.Image/master/compose.yml -O
  % Total    % Received % Xferd  Average Speed   Time    Time     Time  Current
                                 Dload  Upload   Total   Spent    Left  Speed
100  1904  100  1904    0     0    435      0  0:00:04  0:00:04 --:--:--   471
almo93@DESKTOP-40CQN6I:~$ sudo apt-get update
[sudo] password for almo93:
Ign:1 http://archive.ubuntu.com/ubuntu jammy InRelease
Ign:2 http://security.ubuntu.com/ubuntu jammy-security InRelease
Ign:3 http://archive.ubuntu.com/ubuntu jammy-updates InRelease
Ign:2 http://security.ubuntu.com/ubuntu jammy-security InRelease
Get:4 http://archive.ubuntu.com/ubuntu jammy-backports InRelease [109 kB]
Hit:1 http://archive.ubuntu.com/ubuntu jammy InRelease
Get:3 http://archive.ubuntu.com/ubuntu jammy-updates InRelease [119 kB]
Get:5 http://archive.ubuntu.com/ubuntu jammy-backports/main amd64 Packages [41.7 kB]
Get:6 http://archive.ubuntu.com/ubuntu jammy-backports/main Translation-en [10.5 kB]
Get:7 http://archive.ubuntu.com/ubuntu jammy-backports/main amd64 c-n-f Metadata [388 B]
Get:8 http://archive.ubuntu.com/ubuntu jammy-backports/restricted amd64 c-n-f Metadata [116 B]
Get:9 http://archive.ubuntu.com/ubuntu jammy-backports/universe amd64 Packages [24.3 kB]
Get:10 http://archive.ubuntu.com/ubuntu jammy-backports/universe Translation-en [16.5 kB]
Get:11 http://archive.ubuntu.com/ubuntu jammy-backports/universe amd64 c-n-f Metadata [644 B]
Get:12 http://archive.ubuntu.com/ubuntu jammy-backports/multiverse amd64 c-n-f Metadata [116 B]
Get:13 http://archive.ubuntu.com/ubuntu jammy/universe amd64 Packages [14.1 MB]
Get:14 http://archive.ubuntu.com/ubuntu jammy/universe Translation-en [5652 kB]
Get:15 http://archive.ubuntu.com/ubuntu jammy/universe amd64 c-n-f Metadata [286 kB]
Get:16 http://archive.ubuntu.com/ubuntu jammy/multiverse amd64 Packages [217 kB]
Get:17 http://archive.ubuntu.com/ubuntu jammy/multiverse Translation-en [112 kB]
Get:18 http://archive.ubuntu.com/ubuntu jammy/multiverse amd64 c-n-f Metadata [8372 B]
Get:19 http://archive.ubuntu.com/ubuntu jammy-updates/main amd64 Packages [1277 kB]
Get:20 http://archive.ubuntu.com/ubuntu jammy-updates/main Translation-en [261 kB]
Get:21 http://archive.ubuntu.com/ubuntu jammy-updates/restricted amd64 Packages [1272 kB]
Get:22 http://archive.ubuntu.com/ubuntu jammy-updates/restricted Translation-en [207 kB]
Get:23 http://archive.ubuntu.com/ubuntu jammy-updates/universe amd64 Packages [1023 kB]
Get:24 http://archive.ubuntu.com/ubuntu jammy-updates/universe Translation-en [228 kB]
Get:25 http://archive.ubuntu.com/ubuntu jammy-updates/universe amd64 c-n-f Metadata [22.1 kB]
Get:26 http://archive.ubuntu.com/ubuntu jammy-updates/multiverse amd64 Packages [42.1 kB]
Get:27 http://archive.ubuntu.com/ubuntu jammy-updates/multiverse Translation-en [10.1 kB]
Get:28 http://archive.ubuntu.com/ubuntu jammy-updates/multiverse amd64 c-n-f Metadata [472 B]
Get:2 http://security.ubuntu.com/ubuntu jammy-security InRelease [110 kB]
Get:29 http://security.ubuntu.com/ubuntu jammy-security/main amd64 Packages [1062 kB]
Get:30 http://security.ubuntu.com/ubuntu jammy-security/main Translation-en [201 kB]
Get:31 http://security.ubuntu.com/ubuntu jammy-security/restricted amd64 Packages [1244 kB]
Get:32 http://security.ubuntu.com/ubuntu jammy-security/restricted Translation-en [203 kB]
Get:33 http://security.ubuntu.com/ubuntu jammy-security/universe amd64 Packages [826 kB]
Get:34 http://security.ubuntu.com/ubuntu jammy-security/universe Translation-en [156 kB]
Get:35 http://security.ubuntu.com/ubuntu jammy-security/universe amd64 c-n-f Metadata [16.8 kB]
Get:36 http://security.ubuntu.com/ubuntu jammy-security/multiverse amd64 Packages [37.1 kB]
Get:37 http://security.ubuntu.com/ubuntu jammy-security/multiverse Translation-en [7476 B]
Get:38 http://security.ubuntu.com/ubuntu jammy-security/multiverse amd64 c-n-f Metadata [260 B]
Fetched 28.9 MB in 48s (608 kB/s)
Reading package lists... Done
almo93@DESKTOP-40CQN6I:~$ sudo apt-get update && sudo apt-get upgrade
do apt-get install ca-certificates curl gnupg lsb-release
sudo apt-get autoremovesudo apt-get install ca-certificates curl gnupg lsb-release
Ign:1 http://security.ubuntu.com/ubuntu jammy-security InRelease
Ign:2 http://archive.ubuntu.com/ubuntu jammy InRelease
Ign:3 http://archive.ubuntu.com/ubuntu jammy-updates InRelease
Ign:1 http://security.ubuntu.com/ubuntu jammy-security InRelease
Ign:4 http://archive.ubuntu.com/ubuntu jammy-backports InRelease
Ign:1 http://security.ubuntu.com/ubuntu jammy-security InRelease
Ign:2 http://archive.ubuntu.com/ubuntu jammy InRelease
Err:1 http://security.ubuntu.com/ubuntu jammy-security InRelease
  Temporary failure resolving 'security.ubuntu.com'
Hit:3 http://archive.ubuntu.com/ubuntu jammy-updates InRelease
Hit:4 http://archive.ubuntu.com/ubuntu jammy-backports InRelease
Hit:2 http://archive.ubuntu.com/ubuntu jammy InRelease
Reading package lists... Done
W: Failed to fetch http://security.ubuntu.com/ubuntu/dists/jammy-security/InRelease  Temporary failure resolving 'security.ubuntu.com'
W: Some index files failed to download. They have been ignored, or old ones used instead.
Reading package lists... Done
Building dependency tree... Done
Reading state information... Done
Calculating upgrade... Done
The following packages have been kept back:
  python3-update-manager update-manager-core
The following packages will be upgraded:
  binutils binutils-common binutils-x86-64-linux-gnu curl distro-info distro-info-data irqbalance libbinutils libc-bin
  libc6 libcryptsetup12 libctf-nobfd0 libctf0 libcurl3-gnutls libcurl4 libperl5.34 libpython3.10 libpython3.10-minimal
  libpython3.10-stdlib libsqlite3-0 libssh-4 locales openssh-client perl perl-base perl-modules-5.34
  python3-cryptography python3-distro-info python3-software-properties python3.10 python3.10-minimal
  software-properties-common systemd-hwe-hwdb tar vim vim-common vim-runtime vim-tiny xxd
39 upgraded, 0 newly installed, 0 to remove and 2 not upgraded.
Need to get 41.5 MB of archives.
After this operation, 24.6 kB of additional disk space will be used.
Do you want to continue? [Y/n] y
Get:1 http://archive.ubuntu.com/ubuntu jammy-updates/main amd64 libperl5.34 amd64 5.34.0-3ubuntu1.3 [4820 kB]
Get:2 http://archive.ubuntu.com/ubuntu jammy-updates/main amd64 perl amd64 5.34.0-3ubuntu1.3 [232 kB]
Get:3 http://archive.ubuntu.com/ubuntu jammy-updates/main amd64 perl-base amd64 5.34.0-3ubuntu1.3 [1762 kB]
Get:4 http://archive.ubuntu.com/ubuntu jammy-updates/main amd64 perl-modules-5.34 all 5.34.0-3ubuntu1.3 [2976 kB]
Get:5 http://archive.ubuntu.com/ubuntu jammy-updates/main amd64 libc6 amd64 2.35-0ubuntu3.6 [3236 kB]
Get:6 http://archive.ubuntu.com/ubuntu jammy-updates/main amd64 tar amd64 1.34+dfsg-1ubuntu0.1.22.04.2 [295 kB]
Get:7 http://archive.ubuntu.com/ubuntu jammy-updates/main amd64 libc-bin amd64 2.35-0ubuntu3.6 [706 kB]
Get:8 http://archive.ubuntu.com/ubuntu jammy-updates/main amd64 libpython3.10 amd64 3.10.12-1~22.04.3 [1948 kB]
Get:9 http://archive.ubuntu.com/ubuntu jammy-updates/main amd64 python3.10 amd64 3.10.12-1~22.04.3 [508 kB]
Get:10 http://archive.ubuntu.com/ubuntu jammy-updates/main amd64 libpython3.10-stdlib amd64 3.10.12-1~22.04.3 [1848 kB]
Get:11 http://archive.ubuntu.com/ubuntu jammy-updates/main amd64 python3.10-minimal amd64 3.10.12-1~22.04.3 [2242 kB]
Get:12 http://archive.ubuntu.com/ubuntu jammy-updates/main amd64 libpython3.10-minimal amd64 3.10.12-1~22.04.3 [812 kB]
Get:13 http://archive.ubuntu.com/ubuntu jammy-updates/main amd64 libsqlite3-0 amd64 3.37.2-2ubuntu0.3 [641 kB]
Get:14 http://archive.ubuntu.com/ubuntu jammy-updates/main amd64 irqbalance amd64 1.8.0-1ubuntu0.2 [47.2 kB]
Get:15 http://archive.ubuntu.com/ubuntu jammy-updates/main amd64 distro-info-data all 0.52ubuntu0.6 [5160 B]
Get:16 http://archive.ubuntu.com/ubuntu jammy-updates/main amd64 distro-info amd64 1.1ubuntu0.2 [18.7 kB]
Get:17 http://archive.ubuntu.com/ubuntu jammy-updates/main amd64 libcryptsetup12 amd64 2:2.4.3-1ubuntu1.2 [211 kB]
Get:18 http://archive.ubuntu.com/ubuntu jammy-updates/main amd64 locales all 2.35-0ubuntu3.6 [4249 kB]
Get:19 http://archive.ubuntu.com/ubuntu jammy-updates/main amd64 vim amd64 2:8.2.3995-1ubuntu2.15 [1735 kB]
Get:20 http://archive.ubuntu.com/ubuntu jammy-updates/main amd64 vim-tiny amd64 2:8.2.3995-1ubuntu2.15 [710 kB]
Get:21 http://archive.ubuntu.com/ubuntu jammy-updates/main amd64 vim-runtime all 2:8.2.3995-1ubuntu2.15 [6835 kB]
Get:22 http://archive.ubuntu.com/ubuntu jammy-updates/main amd64 xxd amd64 2:8.2.3995-1ubuntu2.15 [55.2 kB]
Get:23 http://archive.ubuntu.com/ubuntu jammy-updates/main amd64 vim-common all 2:8.2.3995-1ubuntu2.15 [81.5 kB]
Get:24 http://archive.ubuntu.com/ubuntu jammy-updates/main amd64 openssh-client amd64 1:8.9p1-3ubuntu0.6 [906 kB]
Get:25 http://archive.ubuntu.com/ubuntu jammy-updates/main amd64 python3-distro-info all 1.1ubuntu0.2 [6554 B]
Get:26 http://archive.ubuntu.com/ubuntu jammy-updates/main amd64 libctf0 amd64 2.38-4ubuntu2.4 [103 kB]
Get:27 http://archive.ubuntu.com/ubuntu jammy-updates/main amd64 libctf-nobfd0 amd64 2.38-4ubuntu2.4 [108 kB]
Get:28 http://archive.ubuntu.com/ubuntu jammy-updates/main amd64 binutils-x86-64-linux-gnu amd64 2.38-4ubuntu2.4 [2327 kB]
Get:29 http://archive.ubuntu.com/ubuntu jammy-updates/main amd64 libbinutils amd64 2.38-4ubuntu2.4 [662 kB]
Get:30 http://archive.ubuntu.com/ubuntu jammy-updates/main amd64 binutils amd64 2.38-4ubuntu2.4 [3194 B]
Get:31 http://archive.ubuntu.com/ubuntu jammy-updates/main amd64 binutils-common amd64 2.38-4ubuntu2.4 [222 kB]
Get:32 http://archive.ubuntu.com/ubuntu jammy-updates/main amd64 libssh-4 amd64 0.9.6-2ubuntu0.22.04.2 [186 kB]
Get:33 http://archive.ubuntu.com/ubuntu jammy-updates/main amd64 curl amd64 7.81.0-1ubuntu1.15 [194 kB]
Get:34 http://archive.ubuntu.com/ubuntu jammy-updates/main amd64 libcurl4 amd64 7.81.0-1ubuntu1.15 [289 kB]
Get:35 http://archive.ubuntu.com/ubuntu jammy-updates/main amd64 libcurl3-gnutls amd64 7.81.0-1ubuntu1.15 [284 kB]
Get:36 http://archive.ubuntu.com/ubuntu jammy-updates/main amd64 python3-cryptography amd64 3.4.8-1ubuntu2.1 [236 kB]
Get:37 http://archive.ubuntu.com/ubuntu jammy-updates/main amd64 software-properties-common all 0.99.22.9 [14.1 kB]
Get:38 http://archive.ubuntu.com/ubuntu jammy-updates/main amd64 python3-software-properties all 0.99.22.9 [28.8 kB]
Get:39 http://archive.ubuntu.com/ubuntu jammy-updates/main amd64 systemd-hwe-hwdb all 249.11.4 [2978 B]
Fetched 41.5 MB in 6s (6984 kB/s)
Extracting templates from packages: 100%
Preconfiguring packages ...
(Reading database ... 24208 files and directories currently installed.)
Preparing to unpack .../libperl5.34_5.34.0-3ubuntu1.3_amd64.deb ...
Unpacking libperl5.34:amd64 (5.34.0-3ubuntu1.3) over (5.34.0-3ubuntu1.2) ...
Preparing to unpack .../perl_5.34.0-3ubuntu1.3_amd64.deb ...
Unpacking perl (5.34.0-3ubuntu1.3) over (5.34.0-3ubuntu1.2) ...
Preparing to unpack .../perl-base_5.34.0-3ubuntu1.3_amd64.deb ...
Unpacking perl-base (5.34.0-3ubuntu1.3) over (5.34.0-3ubuntu1.2) ...
Setting up perl-base (5.34.0-3ubuntu1.3) ...
(Reading database ... 24208 files and directories currently installed.)
Preparing to unpack .../perl-modules-5.34_5.34.0-3ubuntu1.3_all.deb ...
Unpacking perl-modules-5.34 (5.34.0-3ubuntu1.3) over (5.34.0-3ubuntu1.2) ...
Preparing to unpack .../libc6_2.35-0ubuntu3.6_amd64.deb ...
Unpacking libc6:amd64 (2.35-0ubuntu3.6) over (2.35-0ubuntu3.4) ...
Setting up libc6:amd64 (2.35-0ubuntu3.6) ...
(Reading database ... 24208 files and directories currently installed.)
Preparing to unpack .../tar_1.34+dfsg-1ubuntu0.1.22.04.2_amd64.deb ...
Unpacking tar (1.34+dfsg-1ubuntu0.1.22.04.2) over (1.34+dfsg-1ubuntu0.1.22.04.1) ...
Setting up tar (1.34+dfsg-1ubuntu0.1.22.04.2) ...
(Reading database ... 24208 files and directories currently installed.)
Preparing to unpack .../libc-bin_2.35-0ubuntu3.6_amd64.deb ...
Unpacking libc-bin (2.35-0ubuntu3.6) over (2.35-0ubuntu3.4) ...
Setting up libc-bin (2.35-0ubuntu3.6) ...
/sbin/ldconfig.real: /usr/lib/wsl/lib/libcuda.so.1 is not a symbolic link

(Reading database ... 24208 files and directories currently installed.)
Preparing to unpack .../00-libpython3.10_3.10.12-1~22.04.3_amd64.deb ...
Unpacking libpython3.10:amd64 (3.10.12-1~22.04.3) over (3.10.12-1~22.04.2) ...
Preparing to unpack .../01-python3.10_3.10.12-1~22.04.3_amd64.deb ...
Unpacking python3.10 (3.10.12-1~22.04.3) over (3.10.12-1~22.04.2) ...
Preparing to unpack .../02-libpython3.10-stdlib_3.10.12-1~22.04.3_amd64.deb ...
Unpacking libpython3.10-stdlib:amd64 (3.10.12-1~22.04.3) over (3.10.12-1~22.04.2) ...
Preparing to unpack .../03-python3.10-minimal_3.10.12-1~22.04.3_amd64.deb ...
Unpacking python3.10-minimal (3.10.12-1~22.04.3) over (3.10.12-1~22.04.2) ...
Preparing to unpack .../04-libpython3.10-minimal_3.10.12-1~22.04.3_amd64.deb ...
Unpacking libpython3.10-minimal:amd64 (3.10.12-1~22.04.3) over (3.10.12-1~22.04.2) ...
Preparing to unpack .../05-libsqlite3-0_3.37.2-2ubuntu0.3_amd64.deb ...
Unpacking libsqlite3-0:amd64 (3.37.2-2ubuntu0.3) over (3.37.2-2ubuntu0.1) ...
Preparing to unpack .../06-irqbalance_1.8.0-1ubuntu0.2_amd64.deb ...
Unpacking irqbalance (1.8.0-1ubuntu0.2) over (1.8.0-1ubuntu0.1) ...
Preparing to unpack .../07-distro-info-data_0.52ubuntu0.6_all.deb ...
Unpacking distro-info-data (0.52ubuntu0.6) over (0.52ubuntu0.5) ...
Preparing to unpack .../08-distro-info_1.1ubuntu0.2_amd64.deb ...
Unpacking distro-info (1.1ubuntu0.2) over (1.1ubuntu0.1) ...
Preparing to unpack .../09-libcryptsetup12_2%3a2.4.3-1ubuntu1.2_amd64.deb ...
Unpacking libcryptsetup12:amd64 (2:2.4.3-1ubuntu1.2) over (2:2.4.3-1ubuntu1.1) ...
Preparing to unpack .../10-locales_2.35-0ubuntu3.6_all.deb ...
Unpacking locales (2.35-0ubuntu3.6) over (2.35-0ubuntu3.4) ...
Preparing to unpack .../11-vim_2%3a8.2.3995-1ubuntu2.15_amd64.deb ...
Unpacking vim (2:8.2.3995-1ubuntu2.15) over (2:8.2.3995-1ubuntu2.13) ...
Preparing to unpack .../12-vim-tiny_2%3a8.2.3995-1ubuntu2.15_amd64.deb ...
Unpacking vim-tiny (2:8.2.3995-1ubuntu2.15) over (2:8.2.3995-1ubuntu2.13) ...
Preparing to unpack .../13-vim-runtime_2%3a8.2.3995-1ubuntu2.15_all.deb ...
Unpacking vim-runtime (2:8.2.3995-1ubuntu2.15) over (2:8.2.3995-1ubuntu2.13) ...
Preparing to unpack .../14-xxd_2%3a8.2.3995-1ubuntu2.15_amd64.deb ...
Unpacking xxd (2:8.2.3995-1ubuntu2.15) over (2:8.2.3995-1ubuntu2.13) ...
Preparing to unpack .../15-vim-common_2%3a8.2.3995-1ubuntu2.15_all.deb ...
Unpacking vim-common (2:8.2.3995-1ubuntu2.15) over (2:8.2.3995-1ubuntu2.13) ...
Preparing to unpack .../16-openssh-client_1%3a8.9p1-3ubuntu0.6_amd64.deb ...
Unpacking openssh-client (1:8.9p1-3ubuntu0.6) over (1:8.9p1-3ubuntu0.4) ...
Preparing to unpack .../17-python3-distro-info_1.1ubuntu0.2_all.deb ...
Unpacking python3-distro-info (1.1ubuntu0.2) over (1.1ubuntu0.1) ...
Preparing to unpack .../18-libctf0_2.38-4ubuntu2.4_amd64.deb ...
Unpacking libctf0:amd64 (2.38-4ubuntu2.4) over (2.38-4ubuntu2.3) ...
Preparing to unpack .../19-libctf-nobfd0_2.38-4ubuntu2.4_amd64.deb ...
Unpacking libctf-nobfd0:amd64 (2.38-4ubuntu2.4) over (2.38-4ubuntu2.3) ...
Preparing to unpack .../20-binutils-x86-64-linux-gnu_2.38-4ubuntu2.4_amd64.deb ...
Unpacking binutils-x86-64-linux-gnu (2.38-4ubuntu2.4) over (2.38-4ubuntu2.3) ...
Preparing to unpack .../21-libbinutils_2.38-4ubuntu2.4_amd64.deb ...
Unpacking libbinutils:amd64 (2.38-4ubuntu2.4) over (2.38-4ubuntu2.3) ...
Preparing to unpack .../22-binutils_2.38-4ubuntu2.4_amd64.deb ...
Unpacking binutils (2.38-4ubuntu2.4) over (2.38-4ubuntu2.3) ...
Preparing to unpack .../23-binutils-common_2.38-4ubuntu2.4_amd64.deb ...
Unpacking binutils-common:amd64 (2.38-4ubuntu2.4) over (2.38-4ubuntu2.3) ...
Preparing to unpack .../24-libssh-4_0.9.6-2ubuntu0.22.04.2_amd64.deb ...
Unpacking libssh-4:amd64 (0.9.6-2ubuntu0.22.04.2) over (0.9.6-2ubuntu0.22.04.1) ...
Preparing to unpack .../25-curl_7.81.0-1ubuntu1.15_amd64.deb ...
Unpacking curl (7.81.0-1ubuntu1.15) over (7.81.0-1ubuntu1.14) ...
Preparing to unpack .../26-libcurl4_7.81.0-1ubuntu1.15_amd64.deb ...
Unpacking libcurl4:amd64 (7.81.0-1ubuntu1.15) over (7.81.0-1ubuntu1.14) ...
Preparing to unpack .../27-libcurl3-gnutls_7.81.0-1ubuntu1.15_amd64.deb ...
Unpacking libcurl3-gnutls:amd64 (7.81.0-1ubuntu1.15) over (7.81.0-1ubuntu1.14) ...
Preparing to unpack .../28-python3-cryptography_3.4.8-1ubuntu2.1_amd64.deb ...
Unpacking python3-cryptography (3.4.8-1ubuntu2.1) over (3.4.8-1ubuntu2) ...
Preparing to unpack .../29-software-properties-common_0.99.22.9_all.deb ...
Unpacking software-properties-common (0.99.22.9) over (0.99.22.8) ...
Preparing to unpack .../30-python3-software-properties_0.99.22.9_all.deb ...
Unpacking python3-software-properties (0.99.22.9) over (0.99.22.8) ...
Preparing to unpack .../31-systemd-hwe-hwdb_249.11.4_all.deb ...
Unpacking systemd-hwe-hwdb (249.11.4) over (249.11.3) ...
Setting up irqbalance (1.8.0-1ubuntu0.2) ...
Setting up distro-info-data (0.52ubuntu0.6) ...
Setting up openssh-client (1:8.9p1-3ubuntu0.6) ...
Setting up libsqlite3-0:amd64 (3.37.2-2ubuntu0.3) ...
Setting up binutils-common:amd64 (2.38-4ubuntu2.4) ...
Setting up libctf-nobfd0:amd64 (2.38-4ubuntu2.4) ...
Setting up perl-modules-5.34 (5.34.0-3ubuntu1.3) ...
Setting up locales (2.35-0ubuntu3.6) ...
Generating locales (this might take a while)...
Generation complete.
Setting up xxd (2:8.2.3995-1ubuntu2.15) ...
Setting up vim-common (2:8.2.3995-1ubuntu2.15) ...
Setting up python3-software-properties (0.99.22.9) ...
Setting up python3-cryptography (3.4.8-1ubuntu2.1) ...
Setting up libpython3.10-minimal:amd64 (3.10.12-1~22.04.3) ...
Setting up libssh-4:amd64 (0.9.6-2ubuntu0.22.04.2) ...
Setting up systemd-hwe-hwdb (249.11.4) ...
Setting up libcurl4:amd64 (7.81.0-1ubuntu1.15) ...
Setting up libcryptsetup12:amd64 (2:2.4.3-1ubuntu1.2) ...
Setting up curl (7.81.0-1ubuntu1.15) ...
Setting up libbinutils:amd64 (2.38-4ubuntu2.4) ...
Setting up vim-runtime (2:8.2.3995-1ubuntu2.15) ...
Setting up python3-distro-info (1.1ubuntu0.2) ...
Setting up libctf0:amd64 (2.38-4ubuntu2.4) ...
Setting up distro-info (1.1ubuntu0.2) ...
Setting up libperl5.34:amd64 (5.34.0-3ubuntu1.3) ...
Setting up libcurl3-gnutls:amd64 (7.81.0-1ubuntu1.15) ...
Setting up vim-tiny (2:8.2.3995-1ubuntu2.15) ...
Setting up python3.10-minimal (3.10.12-1~22.04.3) ...
Setting up software-properties-common (0.99.22.9) ...
Setting up libpython3.10-stdlib:amd64 (3.10.12-1~22.04.3) ...
Setting up perl (5.34.0-3ubuntu1.3) ...
Setting up binutils-x86-64-linux-gnu (2.38-4ubuntu2.4) ...
Setting up libpython3.10:amd64 (3.10.12-1~22.04.3) ...
Setting up vim (2:8.2.3995-1ubuntu2.15) ...
Setting up python3.10 (3.10.12-1~22.04.3) ...
Setting up binutils (2.38-4ubuntu2.4) ...
Processing triggers for dbus (1.12.20-2ubuntu4.1) ...
Processing triggers for udev (249.11-0ubuntu3.11) ...
Processing triggers for libc-bin (2.35-0ubuntu3.6) ...
/sbin/ldconfig.real: /usr/lib/wsl/lib/libcuda.so.1 is not a symbolic link

Processing triggers for man-db (2.10.2-1) ...
almo93@DESKTOP-40CQN6I:~$ sudo apt-get update
 apt-get install docker-ce docker-ce-cli containerd.io docker-compose-pluginsudo apt-get install docker-ce docker-ce-cliIgn:1 http://security.ubuntu.com/ubuntu jammy-security InRelease
Ign:2 http://archive.ubuntu.com/ubuntu jammy InRelease
Ign:3 http://archive.ubuntu.com/ubuntu jammy-updates InRelease
Ign:1 http://security.ubuntu.com/ubuntu jammy-security InRelease
Ign:4 http://archive.ubuntu.com/ubuntu jammy-backports InRelease
Ign:1 http://security.ubuntu.com/ubuntu jammy-security InRelease
Hit:1 http://security.ubuntu.com/ubuntu jammy-security InRelease
Hit:2 http://archive.ubuntu.com/ubuntu jammy InRelease
Hit:3 http://archive.ubuntu.com/ubuntu jammy-updates InRelease
Hit:4 http://archive.ubuntu.com/ubuntu jammy-backports InRelease
Reading package lists... Done
almo93@DESKTOP-40CQN6I:~$ docker --version
Docker version 24.0.7, build afdd53b
almo93@DESKTOP-40CQN6I:~$ docker compose version
Docker Compose version v2.23.3-desktop.2
almo93@DESKTOP-40CQN6I:~$ sudo nano .env
almo93@DESKTOP-40CQN6I:~$ docker pull mongodb/mongodb-community-server
Using default tag: latest
latest: Pulling from mongodb/mongodb-community-server
a48641193673: Pull complete
dd23b92e3090: Pull complete
c4046e8afa1f: Pull complete
0c4edd0ab13d: Pull complete
439cf7822b62: Pull complete
062db308052e: Pull complete
7cf13b7ea1ae: Pull complete
a6f45d5019da: Pull complete
4f4fb700ef54: Pull complete
23e41d9379e1: Pull complete
Digest: sha256:4db3faa309ae025f830f5ecbbf70adaed5d6bacaa1bbfb60c645e9e8ecd4befe
Status: Downloaded newer image for mongodb/mongodb-community-server:latest
docker.io/mongodb/mongodb-community-server:latest

What's Next?
  View a summary of image vulnerabilities and recommendations → docker scout quickview mongodb/mongodb-community-server
almo93@DESKTOP-40CQN6I:~$ docker run --name mongo -d mongodb/monogdb-community-server:latest
Unable to find image 'mongodb/monogdb-community-server:latest' locally
docker: Error response from daemon: pull access denied for mongodb/monogdb-community-server, repository does not exist or may require 'docker login': denied: requested access to the resource is denied.
See 'docker run --help'.
almo93@DESKTOP-40CQN6I:~$ docker run --name mongo -d mongodb/mongodb-community-server:latest
b3c35b69c32d5fadcb4cd6bd2f75d59099eb158d9b1ac36edf72a0e57bd11efc
almo93@DESKTOP-40CQN6I:~$ docker container ls
CONTAINER ID   IMAGE                                     COMMAND                  CREATED          STATUS          PORTS       NAMES
b3c35b69c32d   mongodb/mongodb-community-server:latest   "python3 /usr/local/…"   30 seconds ago   Up 21 seconds   27017/tcp   mongo
almo93@DESKTOP-40CQN6I:~$ cp env.service .env
cp: cannot stat 'env.service': No such file or directory
almo93@DESKTOP-40CQN6I:~$ cp env. service.env
cp: cannot stat 'env.': No such file or directory
almo93@DESKTOP-40CQN6I:~$ curl -L https://raw.githubusercontent.com/RocketChat/Docker.Official.Image/master/compose.yml -O
  % Total    % Received % Xferd  Average Speed   Time    Time     Time  Current
                                 Dload  Upload   Total   Spent    Left  Speed
100  1904  100  1904    0     0   5467      0 --:--:-- --:--:-- --:--:--  5455
almo93@DESKTOP-40CQN6I:~$ sudo nano .env
[sudo] password for almo93:
almo93@DESKTOP-40CQN6I:~$ sudo nano .env
almo93@DESKTOP-40CQN6I:~$ docker compose up -d
[+] Running 12/12
 ✔ rocketchat 9 layers [⣿⣿⣿⣿⣿⣿⣿⣿⣿]      0B/0B      Pulled                                                        142.4s
   ✔ 26c5c85e47da Pull complete                                                                                    3.4s
   ✔ 96da4c1974ec Pull complete                                                                                    1.6s
   ✔ 286584c9c618 Pull complete                                                                                    6.2s
   ✔ ec51043fad6b Pull complete                                                                                    5.4s
   ✔ 10845595c672 Pull complete                                                                                    7.1s
   ✔ 2e9f3e6562ad Pull complete                                                                                    8.3s
   ✔ 647ac695ddbd Pull complete                                                                                   18.9s
   ✔ d3b6b0c659ab Pull complete                                                                                   10.1s
   ✔ 4f4fb700ef54 Pull complete                                                                                   10.9s
 ✔ mongodb 1 layers [⣿]      0B/0B      Pulled                                                                    41.7s
   ✔ e753be248295 Pull complete                                                                                   12.0s
[+] Running 4/4
 ✔ Network almo93_default         Created                                                                          0.1s
 ✔ Volume "almo93_mongodb_data"   Created                                                                          0.0s
 ✔ Container almo93-mongodb-1     Started                                                                         13.8s
 ✔ Container almo93-rocketchat-1  Started                                                                          0.1s
almo93@DESKTOP-40CQN6I:~$ docker compose logs -f rocketchat
rocketchat-1  | (node:1) NOTE: We are formalizing our plans to enter AWS SDK for JavaScript (v2) into maintenance mode in 2023.
rocketchat-1  |
rocketchat-1  | Please migrate your code to use AWS SDK for JavaScript (v3).
rocketchat-1  | For more information, check the migration guide at https://a.co/7PzMCcy
rocketchat-1  | (Use `node --trace-warnings ...` to show where the warning was created)
rocketchat-1  | LocalStore: store created at
rocketchat-1  | LocalStore: store created at
rocketchat-1  | LocalStore: store created at
rocketchat-1  | MessageType.render is deprecated. Use MessageType.message instead. livechat_webrtc_video_call
rocketchat-1  | {"level":40,"time":"2024-01-12T17:33:11.336Z","pid":1,"hostname":"49c4b021284b","name":"VoIPService","msg":"Voip is not enabled. Cant start the service"}
rocketchat-1  | [2024-01-12T17:33:44.736Z] INFO  67d9fdee-17f9-4f45-a8f8-bbb117a35033/BROKER: Moleculer v0.14.31 is starting...
rocketchat-1  | [2024-01-12T17:33:44.736Z] INFO  67d9fdee-17f9-4f45-a8f8-bbb117a35033/BROKER: Namespace: <not defined>
rocketchat-1  | [2024-01-12T17:33:44.737Z] INFO  67d9fdee-17f9-4f45-a8f8-bbb117a35033/BROKER: Node ID: 67d9fdee-17f9-4f45-a8f8-bbb117a35033
rocketchat-1  | [2024-01-12T17:33:44.739Z] INFO  67d9fdee-17f9-4f45-a8f8-bbb117a35033/REGISTRY: Strategy: RoundRobinStrategy
rocketchat-1  | [2024-01-12T17:33:44.740Z] INFO  67d9fdee-17f9-4f45-a8f8-bbb117a35033/REGISTRY: Discoverer: LocalDiscoverer
rocketchat-1  | [2024-01-12T17:33:44.741Z] INFO  67d9fdee-17f9-4f45-a8f8-bbb117a35033/BROKER: Serializer: JSONSerializer
rocketchat-1  | [2024-01-12T17:33:44.752Z] INFO  67d9fdee-17f9-4f45-a8f8-bbb117a35033/BROKER: Validator: FastestValidator
rocketchat-1  | [2024-01-12T17:33:44.754Z] INFO  67d9fdee-17f9-4f45-a8f8-bbb117a35033/BROKER: Registered 13 middleware(s).
rocketchat-1  | [2024-01-12T17:33:44.756Z] INFO  67d9fdee-17f9-4f45-a8f8-bbb117a35033/BROKER: Transporter: TcpTransporter
rocketchat-1  | {"level":51,"time":"2024-01-12T17:33:44.786Z","pid":1,"hostname":"49c4b021284b","name":"DatabaseWatcher","msg":"Using change streams"}
rocketchat-1  | [2024-01-12T17:33:44.789Z] INFO  67d9fdee-17f9-4f45-a8f8-bbb117a35033/TRANSIT: Connecting to the transporter...
rocketchat-1  | [2024-01-12T17:33:44.794Z] INFO  67d9fdee-17f9-4f45-a8f8-bbb117a35033/TRANSPORTER: TCP server is listening on port 41033
rocketchat-1  | [2024-01-12T17:33:44.798Z] INFO  67d9fdee-17f9-4f45-a8f8-bbb117a35033/TRANSPORTER: UDP Discovery is disabled.
rocketchat-1  | [2024-01-12T17:33:44.799Z] INFO  67d9fdee-17f9-4f45-a8f8-bbb117a35033/TRANSPORTER: TCP Transporter started.
rocketchat-1  | [2024-01-12T17:33:45.309Z] INFO  67d9fdee-17f9-4f45-a8f8-bbb117a35033/REGISTRY: '$node' service is registered.
rocketchat-1  | [2024-01-12T17:33:45.310Z] INFO  67d9fdee-17f9-4f45-a8f8-bbb117a35033/REGISTRY: 'matrix' service is registered.
rocketchat-1  | [2024-01-12T17:33:45.311Z] INFO  67d9fdee-17f9-4f45-a8f8-bbb117a35033/$NODE: Service '$node' started.
rocketchat-1  | [2024-01-12T17:33:45.311Z] INFO  67d9fdee-17f9-4f45-a8f8-bbb117a35033/MATRIX: Service 'matrix' started.
rocketchat-1  | [2024-01-12T17:33:45.312Z] INFO  67d9fdee-17f9-4f45-a8f8-bbb117a35033/BROKER: ✔ ServiceBroker with 2 service(s) started successfully in 534ms.
rocketchat-1  | ufs: temp directory created at "/tmp/ufs"
rocketchat-1  | (node:1) [MONGODB DRIVER] Warning: cursor.count is deprecated and will be removed in the next major version, please use `collection.estimatedDocumentCount` or `collection.countDocuments` instead
rocketchat-1  | +----------------------------------------------+
rocketchat-1  | |                SERVER RUNNING                |
rocketchat-1  | +----------------------------------------------+
rocketchat-1  | |                                              |
rocketchat-1  | |  Rocket.Chat Version: 6.5.2                  |
rocketchat-1  | |       NodeJS Version: 14.21.3 - x64          |
rocketchat-1  | |      MongoDB Version: 5.0.23                 |
rocketchat-1  | |       MongoDB Engine: wiredTiger             |
rocketchat-1  | |             Platform: linux                  |
rocketchat-1  | |         Process Port: 3000                   |
rocketchat-1  | |             Site URL: http://localhost:3000  |
rocketchat-1  | |     ReplicaSet OpLog: Enabled                |
rocketchat-1  | |          Commit Hash: 3ebc8e0868             |
rocketchat-1  | |        Commit Branch: HEAD                   |
rocketchat-1  | |                                              |
rocketchat-1  | +----------------------------------------------+
rocketchat-1  | [2024-01-12T18:15:11.157Z] INFO  67d9fdee-17f9-4f45-a8f8-bbb117a35033/REGISTRY: Node '67d9fdee-17f9-4f45-a8f8-bbb117a35033' disconnected.

^X
rocketchat-1  | [2024-01-12T18:39:22.412Z] INFO  67d9fdee-17f9-4f45-a8f8-bbb117a35033/$NODE: Service '$node' stopped.
rocketchat-1  | [2024-01-12T18:39:22.413Z] INFO  67d9fdee-17f9-4f45-a8f8-bbb117a35033/MATRIX: Service 'matrix' stopped.
rocketchat-1  | [2024-01-12T18:39:22.432Z] INFO  67d9fdee-17f9-4f45-a8f8-bbb117a35033/BROKER: ServiceBroker is stopped. Good bye.
rocketchat-1 exited with code 0
almo93@DESKTOP-40CQN6I:~$
almo93@DESKTOP-40CQN6I:~$ sudo root
[sudo] password for almo93:
sudo: root: command not found
almo93@DESKTOP-40CQN6I:~$ sudo su
root@DESKTOP-40CQN6I:/home/almo93# apt-get install ngix
Reading package lists... Done
Building dependency tree... Done
Reading state information... Done
E: Unable to locate package ngix
root@DESKTOP-40CQN6I:/home/almo93# apt-get install nginx
Reading package lists... Done
Building dependency tree... Done
Reading state information... Done
The following additional packages will be installed:
  fontconfig-config fonts-dejavu-core libdeflate0 libfontconfig1 libfreetype6 libgd3 libjbig0 libjpeg-turbo8 libjpeg8
  libnginx-mod-http-geoip2 libnginx-mod-http-image-filter libnginx-mod-http-xslt-filter libnginx-mod-mail
  libnginx-mod-stream libnginx-mod-stream-geoip2 libtiff5 libwebp7 libxpm4 libxslt1.1 nginx-common nginx-core
Suggested packages:
  libgd-tools fcgiwrap nginx-doc ssl-cert
The following NEW packages will be installed:
  fontconfig-config fonts-dejavu-core libdeflate0 libfontconfig1 libfreetype6 libgd3 libjbig0 libjpeg-turbo8 libjpeg8
  libnginx-mod-http-geoip2 libnginx-mod-http-image-filter libnginx-mod-http-xslt-filter libnginx-mod-mail
  libnginx-mod-stream libnginx-mod-stream-geoip2 libtiff5 libwebp7 libxpm4 libxslt1.1 nginx nginx-common nginx-core
0 upgraded, 22 newly installed, 0 to remove and 2 not upgraded.
Need to get 3245 kB of archives.
After this operation, 9746 kB of additional disk space will be used.
Do you want to continue? [Y/n] y
Get:1 http://archive.ubuntu.com/ubuntu jammy/main amd64 fonts-dejavu-core all 2.37-2build1 [1041 kB]
Get:2 http://archive.ubuntu.com/ubuntu jammy/main amd64 fontconfig-config all 2.13.1-4.2ubuntu5 [29.1 kB]
Get:3 http://archive.ubuntu.com/ubuntu jammy/main amd64 libdeflate0 amd64 1.10-2 [70.9 kB]
Get:4 http://archive.ubuntu.com/ubuntu jammy-updates/main amd64 libfreetype6 amd64 2.11.1+dfsg-1ubuntu0.2 [389 kB]
Get:5 http://archive.ubuntu.com/ubuntu jammy/main amd64 libfontconfig1 amd64 2.13.1-4.2ubuntu5 [131 kB]
Get:6 http://archive.ubuntu.com/ubuntu jammy/main amd64 libjpeg-turbo8 amd64 2.1.2-0ubuntu1 [134 kB]
Get:7 http://archive.ubuntu.com/ubuntu jammy/main amd64 libjpeg8 amd64 8c-2ubuntu10 [2264 B]
Get:8 http://archive.ubuntu.com/ubuntu jammy-updates/main amd64 libjbig0 amd64 2.1-3.1ubuntu0.22.04.1 [29.2 kB]
Get:9 http://archive.ubuntu.com/ubuntu jammy-updates/main amd64 libwebp7 amd64 1.2.2-2ubuntu0.22.04.2 [206 kB]
Get:10 http://archive.ubuntu.com/ubuntu jammy-updates/main amd64 libtiff5 amd64 4.3.0-6ubuntu0.7 [185 kB]
Get:11 http://archive.ubuntu.com/ubuntu jammy-updates/main amd64 libxpm4 amd64 1:3.5.12-1ubuntu0.22.04.2 [36.7 kB]
Get:12 http://archive.ubuntu.com/ubuntu jammy/main amd64 libgd3 amd64 2.3.0-2ubuntu2 [129 kB]
Get:13 http://archive.ubuntu.com/ubuntu jammy-updates/main amd64 nginx-common all 1.18.0-6ubuntu14.4 [40.0 kB]
Get:14 http://archive.ubuntu.com/ubuntu jammy-updates/main amd64 libnginx-mod-http-geoip2 amd64 1.18.0-6ubuntu14.4 [11.9 kB]
Get:15 http://archive.ubuntu.com/ubuntu jammy-updates/main amd64 libnginx-mod-http-image-filter amd64 1.18.0-6ubuntu14.4 [15.4 kB]
Get:16 http://archive.ubuntu.com/ubuntu jammy-updates/main amd64 libxslt1.1 amd64 1.1.34-4ubuntu0.22.04.1 [164 kB]
Get:17 http://archive.ubuntu.com/ubuntu jammy-updates/main amd64 libnginx-mod-http-xslt-filter amd64 1.18.0-6ubuntu14.4 [13.7 kB]
Get:18 http://archive.ubuntu.com/ubuntu jammy-updates/main amd64 libnginx-mod-mail amd64 1.18.0-6ubuntu14.4 [45.7 kB]
Get:19 http://archive.ubuntu.com/ubuntu jammy-updates/main amd64 libnginx-mod-stream amd64 1.18.0-6ubuntu14.4 [72.9 kB]
Get:20 http://archive.ubuntu.com/ubuntu jammy-updates/main amd64 libnginx-mod-stream-geoip2 amd64 1.18.0-6ubuntu14.4 [10.1 kB]
Get:21 http://archive.ubuntu.com/ubuntu jammy-updates/main amd64 nginx-core amd64 1.18.0-6ubuntu14.4 [484 kB]
Get:22 http://archive.ubuntu.com/ubuntu jammy-updates/main amd64 nginx amd64 1.18.0-6ubuntu14.4 [3872 B]
Fetched 3245 kB in 10s (327 kB/s)
Preconfiguring packages ...
Selecting previously unselected package fonts-dejavu-core.
(Reading database ... 24208 files and directories currently installed.)
Preparing to unpack .../00-fonts-dejavu-core_2.37-2build1_all.deb ...
Unpacking fonts-dejavu-core (2.37-2build1) ...
Selecting previously unselected package fontconfig-config.
Preparing to unpack .../01-fontconfig-config_2.13.1-4.2ubuntu5_all.deb ...
Unpacking fontconfig-config (2.13.1-4.2ubuntu5) ...
Selecting previously unselected package libdeflate0:amd64.
Preparing to unpack .../02-libdeflate0_1.10-2_amd64.deb ...
Unpacking libdeflate0:amd64 (1.10-2) ...
Selecting previously unselected package libfreetype6:amd64.
Preparing to unpack .../03-libfreetype6_2.11.1+dfsg-1ubuntu0.2_amd64.deb ...
Unpacking libfreetype6:amd64 (2.11.1+dfsg-1ubuntu0.2) ...
Selecting previously unselected package libfontconfig1:amd64.
Preparing to unpack .../04-libfontconfig1_2.13.1-4.2ubuntu5_amd64.deb ...
Unpacking libfontconfig1:amd64 (2.13.1-4.2ubuntu5) ...
Selecting previously unselected package libjpeg-turbo8:amd64.
Preparing to unpack .../05-libjpeg-turbo8_2.1.2-0ubuntu1_amd64.deb ...
Unpacking libjpeg-turbo8:amd64 (2.1.2-0ubuntu1) ...
Selecting previously unselected package libjpeg8:amd64.
Preparing to unpack .../06-libjpeg8_8c-2ubuntu10_amd64.deb ...
Unpacking libjpeg8:amd64 (8c-2ubuntu10) ...
Selecting previously unselected package libjbig0:amd64.
Preparing to unpack .../07-libjbig0_2.1-3.1ubuntu0.22.04.1_amd64.deb ...
Unpacking libjbig0:amd64 (2.1-3.1ubuntu0.22.04.1) ...
Selecting previously unselected package libwebp7:amd64.
Preparing to unpack .../08-libwebp7_1.2.2-2ubuntu0.22.04.2_amd64.deb ...
Unpacking libwebp7:amd64 (1.2.2-2ubuntu0.22.04.2) ...
Selecting previously unselected package libtiff5:amd64.
Preparing to unpack .../09-libtiff5_4.3.0-6ubuntu0.7_amd64.deb ...
Unpacking libtiff5:amd64 (4.3.0-6ubuntu0.7) ...
Selecting previously unselected package libxpm4:amd64.
Preparing to unpack .../10-libxpm4_1%3a3.5.12-1ubuntu0.22.04.2_amd64.deb ...
Unpacking libxpm4:amd64 (1:3.5.12-1ubuntu0.22.04.2) ...
Selecting previously unselected package libgd3:amd64.
Preparing to unpack .../11-libgd3_2.3.0-2ubuntu2_amd64.deb ...
Unpacking libgd3:amd64 (2.3.0-2ubuntu2) ...
Selecting previously unselected package nginx-common.
Preparing to unpack .../12-nginx-common_1.18.0-6ubuntu14.4_all.deb ...
Unpacking nginx-common (1.18.0-6ubuntu14.4) ...
Selecting previously unselected package libnginx-mod-http-geoip2.
Preparing to unpack .../13-libnginx-mod-http-geoip2_1.18.0-6ubuntu14.4_amd64.deb ...
Unpacking libnginx-mod-http-geoip2 (1.18.0-6ubuntu14.4) ...
Selecting previously unselected package libnginx-mod-http-image-filter.
Preparing to unpack .../14-libnginx-mod-http-image-filter_1.18.0-6ubuntu14.4_amd64.deb ...
Unpacking libnginx-mod-http-image-filter (1.18.0-6ubuntu14.4) ...
Selecting previously unselected package libxslt1.1:amd64.
Preparing to unpack .../15-libxslt1.1_1.1.34-4ubuntu0.22.04.1_amd64.deb ...
Unpacking libxslt1.1:amd64 (1.1.34-4ubuntu0.22.04.1) ...
Selecting previously unselected package libnginx-mod-http-xslt-filter.
Preparing to unpack .../16-libnginx-mod-http-xslt-filter_1.18.0-6ubuntu14.4_amd64.deb ...
Unpacking libnginx-mod-http-xslt-filter (1.18.0-6ubuntu14.4) ...
Selecting previously unselected package libnginx-mod-mail.
Preparing to unpack .../17-libnginx-mod-mail_1.18.0-6ubuntu14.4_amd64.deb ...
Unpacking libnginx-mod-mail (1.18.0-6ubuntu14.4) ...
Selecting previously unselected package libnginx-mod-stream.
Preparing to unpack .../18-libnginx-mod-stream_1.18.0-6ubuntu14.4_amd64.deb ...
Unpacking libnginx-mod-stream (1.18.0-6ubuntu14.4) ...
Selecting previously unselected package libnginx-mod-stream-geoip2.
Preparing to unpack .../19-libnginx-mod-stream-geoip2_1.18.0-6ubuntu14.4_amd64.deb ...
Unpacking libnginx-mod-stream-geoip2 (1.18.0-6ubuntu14.4) ...
Selecting previously unselected package nginx-core.
Preparing to unpack .../20-nginx-core_1.18.0-6ubuntu14.4_amd64.deb ...
Unpacking nginx-core (1.18.0-6ubuntu14.4) ...
Selecting previously unselected package nginx.
Preparing to unpack .../21-nginx_1.18.0-6ubuntu14.4_amd64.deb ...
Unpacking nginx (1.18.0-6ubuntu14.4) ...
Setting up libxpm4:amd64 (1:3.5.12-1ubuntu0.22.04.2) ...
Setting up libdeflate0:amd64 (1.10-2) ...
Setting up nginx-common (1.18.0-6ubuntu14.4) ...
Created symlink /etc/systemd/system/multi-user.target.wants/nginx.service → /lib/systemd/system/nginx.service.
Setting up libjbig0:amd64 (2.1-3.1ubuntu0.22.04.1) ...
Setting up libfreetype6:amd64 (2.11.1+dfsg-1ubuntu0.2) ...
Setting up fonts-dejavu-core (2.37-2build1) ...
Setting up libjpeg-turbo8:amd64 (2.1.2-0ubuntu1) ...
Setting up libwebp7:amd64 (1.2.2-2ubuntu0.22.04.2) ...
Setting up libxslt1.1:amd64 (1.1.34-4ubuntu0.22.04.1) ...
Setting up libnginx-mod-http-geoip2 (1.18.0-6ubuntu14.4) ...
Setting up libjpeg8:amd64 (8c-2ubuntu10) ...
Setting up libnginx-mod-mail (1.18.0-6ubuntu14.4) ...
Setting up fontconfig-config (2.13.1-4.2ubuntu5) ...
Setting up libnginx-mod-stream (1.18.0-6ubuntu14.4) ...
Setting up libnginx-mod-http-xslt-filter (1.18.0-6ubuntu14.4) ...
Setting up libtiff5:amd64 (4.3.0-6ubuntu0.7) ...
Setting up libfontconfig1:amd64 (2.13.1-4.2ubuntu5) ...
Setting up libnginx-mod-stream-geoip2 (1.18.0-6ubuntu14.4) ...
Setting up libgd3:amd64 (2.3.0-2ubuntu2) ...
Setting up libnginx-mod-http-image-filter (1.18.0-6ubuntu14.4) ...
Setting up nginx-core (1.18.0-6ubuntu14.4) ...
 * Upgrading binary nginx                                                                                        [ OK ]
Setting up nginx (1.18.0-6ubuntu14.4) ...
Processing triggers for ufw (0.36.1-4ubuntu0.1) ...
Processing triggers for man-db (2.10.2-1) ...
Processing triggers for libc-bin (2.35-0ubuntu3.6) ...
/sbin/ldconfig.real: /usr/lib/wsl/lib/libcuda.so.1 is not a symbolic link

root@DESKTOP-40CQN6I:/home/almo93# ls
compose.yml
root@DESKTOP-40CQN6I:/home/almo93# server nginx restart
Command 'server' not found, did you mean:
  command 'serve' from snap serve (0.3.0)
  command 'serveo' from snap serveo (0.0.10)
  command 'jserver' from deb freewnn-jserver (1.1.1~a021+cvs20130302-7build1)
  command 'kserver' from deb freewnn-kserver (1.1.1~a021+cvs20130302-7build1)
  command 'semver' from deb node-semver (7.3.5+~7.3.8-1)
  command 'cserver' from deb freewnn-cserver (1.1.1~a021+cvs20130302-7build1)
See 'snap info <snapname>' for additional versions.
root@DESKTOP-40CQN6I:/home/almo93# service nginx restart
root@DESKTOP-40CQN6I:/home/almo93#
